Seq	Host	Starttime	JobRuntime	Send	Receive	Exitval	Signal	Command
36	:	1770837989.405	     3.143	0	0	0	0	write_metadata /home/kcw2/data/example_run/path2/synteny_search_outputs/results_65_67/genomes/GCA_003691345.1 /home/kcw2/data/example_run/path2/synteny_search_outputs/results_65_67
28	:	1770837989.358	     3.404	0	0	0	0	write_metadata /home/kcw2/data/example_run/path2/synteny_search_outputs/results_65_67/genomes/a_test /home/kcw2/data/example_run/path2/synteny_search_outputs/results_65_67
19	:	1770837989.304	     3.581	0	0	0	0	write_metadata /home/kcw2/data/example_run/path2/synteny_search_outputs/results_65_67/genomes/GCF_037055895.1 /home/kcw2/data/example_run/path2/synteny_search_outputs/results_65_67
21	:	1770837989.317	     3.601	0	0	0	0	write_metadata /home/kcw2/data/example_run/path2/synteny_search_outputs/results_65_67/genomes/GCA_019434195.1 /home/kcw2/data/example_run/path2/synteny_search_outputs/results_65_67
38	:	1770837989.417	     3.672	0	0	0	0	write_metadata /home/kcw2/data/example_run/path2/synteny_search_outputs/results_65_67/genomes/GCF_029962145.1 /home/kcw2/data/example_run/path2/synteny_search_outputs/results_65_67
42	:	1770837989.445	     3.657	0	0	0	0	write_metadata /home/kcw2/data/example_run/path2/synteny_search_outputs/results_65_67/genomes/GCF_027570495.1 /home/kcw2/data/example_run/path2/synteny_search_outputs/results_65_67
41	:	1770837989.439	     3.691	0	0	0	0	write_metadata /home/kcw2/data/example_run/path2/synteny_search_outputs/results_65_67/genomes/GCF_006364735.1 /home/kcw2/data/example_run/path2/synteny_search_outputs/results_65_67
48	:	1770837989.524	     3.664	0	0	0	0	write_metadata /home/kcw2/data/example_run/path2/synteny_search_outputs/results_65_67/genomes/GCF_033229485.1 /home/kcw2/data/example_run/path2/synteny_search_outputs/results_65_67
3	:	1770837989.222	     4.023	0	0	0	0	write_metadata /home/kcw2/data/example_run/path2/synteny_search_outputs/results_65_67/genomes/GCA_053360855.1 /home/kcw2/data/example_run/path2/synteny_search_outputs/results_65_67
44	:	1770837989.464	     3.881	0	0	0	0	write_metadata /home/kcw2/data/example_run/path2/synteny_search_outputs/results_65_67/genomes/GCF_028743595.1 /home/kcw2/data/example_run/path2/synteny_search_outputs/results_65_67
46	:	1770837989.495	     3.877	0	0	0	0	write_metadata /home/kcw2/data/example_run/path2/synteny_search_outputs/results_65_67/genomes/GCF_016925475.1 /home/kcw2/data/example_run/path2/synteny_search_outputs/results_65_67
35	:	1770837989.400	     3.978	0	0	0	0	write_metadata /home/kcw2/data/example_run/path2/synteny_search_outputs/results_65_67/genomes/b_test /home/kcw2/data/example_run/path2/synteny_search_outputs/results_65_67
27	:	1770837989.352	     4.059	0	0	0	0	write_metadata /home/kcw2/data/example_run/path2/synteny_search_outputs/results_65_67/genomes/GCA_030366015.2 /home/kcw2/data/example_run/path2/synteny_search_outputs/results_65_67
2	:	1770837989.218	     4.266	0	0	0	0	write_metadata /home/kcw2/data/example_run/path2/synteny_search_outputs/results_65_67/genomes/GCA_021669335.3 /home/kcw2/data/example_run/path2/synteny_search_outputs/results_65_67
9	:	1770837989.252	     4.251	0	0	0	0	write_metadata /home/kcw2/data/example_run/path2/synteny_search_outputs/results_65_67/genomes/GCF_027570415.1 /home/kcw2/data/example_run/path2/synteny_search_outputs/results_65_67
13	:	1770837989.272	     4.248	0	0	0	0	write_metadata /home/kcw2/data/example_run/path2/synteny_search_outputs/results_65_67/genomes/GCA_019434115.1 /home/kcw2/data/example_run/path2/synteny_search_outputs/results_65_67
11	:	1770837989.262	     4.355	0	0	0	0	write_metadata /home/kcw2/data/example_run/path2/synteny_search_outputs/results_65_67/genomes/GCA_054130235.1 /home/kcw2/data/example_run/path2/synteny_search_outputs/results_65_67
47	:	1770837989.510	     4.173	0	0	0	0	write_metadata /home/kcw2/data/example_run/path2/synteny_search_outputs/results_65_67/genomes/GCF_036417705.1 /home/kcw2/data/example_run/path2/synteny_search_outputs/results_65_67
8	:	1770837989.246	     4.573	0	0	0	0	write_metadata /home/kcw2/data/example_run/path2/synteny_search_outputs/results_65_67/genomes/GCA_048593205.1 /home/kcw2/data/example_run/path2/synteny_search_outputs/results_65_67
24	:	1770837989.334	     4.495	0	0	0	0	write_metadata /home/kcw2/data/example_run/path2/synteny_search_outputs/results_65_67/genomes/GCA_042443075.2 /home/kcw2/data/example_run/path2/synteny_search_outputs/results_65_67
25	:	1770837989.339	     4.492	0	0	0	0	write_metadata /home/kcw2/data/example_run/path2/synteny_search_outputs/results_65_67/genomes/GCF_040931635.1 /home/kcw2/data/example_run/path2/synteny_search_outputs/results_65_67
32	:	1770837989.380	     4.493	0	0	0	0	write_metadata /home/kcw2/data/example_run/path2/synteny_search_outputs/results_65_67/genomes/GCF_021460035.1 /home/kcw2/data/example_run/path2/synteny_search_outputs/results_65_67
33	:	1770837989.387	     4.498	0	0	0	0	write_metadata /home/kcw2/data/example_run/path2/synteny_search_outputs/results_65_67/genomes/GCA_046054735.3 /home/kcw2/data/example_run/path2/synteny_search_outputs/results_65_67
37	:	1770837989.412	     4.502	0	0	0	0	write_metadata /home/kcw2/data/example_run/path2/synteny_search_outputs/results_65_67/genomes/GCA_028640045.5 /home/kcw2/data/example_run/path2/synteny_search_outputs/results_65_67
14	:	1770837989.277	     4.702	0	0	0	0	write_metadata /home/kcw2/data/example_run/path2/synteny_search_outputs/results_65_67/genomes/GCA_021669275.3 /home/kcw2/data/example_run/path2/synteny_search_outputs/results_65_67
1	:	1770837989.214	     4.766	0	0	0	0	write_metadata /home/kcw2/data/example_run/path2/synteny_search_outputs/results_65_67/genomes/GCA_022475555.3 /home/kcw2/data/example_run/path2/synteny_search_outputs/results_65_67
45	:	1770837989.481	     4.502	0	0	0	0	write_metadata /home/kcw2/data/example_run/path2/synteny_search_outputs/results_65_67/genomes/GCA_038627235.2 /home/kcw2/data/example_run/path2/synteny_search_outputs/results_65_67
18	:	1770837989.298	     4.690	0	0	0	0	write_metadata /home/kcw2/data/example_run/path2/synteny_search_outputs/results_65_67/genomes/GCA_025736955.1 /home/kcw2/data/example_run/path2/synteny_search_outputs/results_65_67
30	:	1770837989.368	     4.629	0	0	0	0	write_metadata /home/kcw2/data/example_run/path2/synteny_search_outputs/results_65_67/genomes/GCA_021644425.4 /home/kcw2/data/example_run/path2/synteny_search_outputs/results_65_67
4	:	1770837989.226	     4.822	0	0	0	0	write_metadata /home/kcw2/data/example_run/path2/synteny_search_outputs/results_65_67/genomes/GCA_034127025.2 /home/kcw2/data/example_run/path2/synteny_search_outputs/results_65_67
29	:	1770837989.363	     4.721	0	0	0	0	write_metadata /home/kcw2/data/example_run/path2/synteny_search_outputs/results_65_67/genomes/GCF_021497425.1 /home/kcw2/data/example_run/path2/synteny_search_outputs/results_65_67
12	:	1770837989.267	     4.860	0	0	0	0	write_metadata /home/kcw2/data/example_run/path2/synteny_search_outputs/results_65_67/genomes/GCF_036233295.1 /home/kcw2/data/example_run/path2/synteny_search_outputs/results_65_67
22	:	1770837989.322	     4.810	0	0	0	0	write_metadata /home/kcw2/data/example_run/path2/synteny_search_outputs/results_65_67/genomes/GCF_054126005.1 /home/kcw2/data/example_run/path2/synteny_search_outputs/results_65_67
10	:	1770837989.257	     4.887	0	0	0	0	write_metadata /home/kcw2/data/example_run/path2/synteny_search_outputs/results_65_67/genomes/GCA_022916475.3 /home/kcw2/data/example_run/path2/synteny_search_outputs/results_65_67
7	:	1770837989.241	     4.916	0	0	0	0	write_metadata /home/kcw2/data/example_run/path2/synteny_search_outputs/results_65_67/genomes/GCF_003206535.1 /home/kcw2/data/example_run/path2/synteny_search_outputs/results_65_67
6	:	1770837989.236	     4.927	0	0	0	0	write_metadata /home/kcw2/data/example_run/path2/synteny_search_outputs/results_65_67/genomes/GCA_025736975.1 /home/kcw2/data/example_run/path2/synteny_search_outputs/results_65_67
23	:	1770837989.328	     4.863	0	0	0	0	write_metadata /home/kcw2/data/example_run/path2/synteny_search_outputs/results_65_67/genomes/GCA_021645445.2 /home/kcw2/data/example_run/path2/synteny_search_outputs/results_65_67
17	:	1770837989.292	     4.914	0	0	0	0	write_metadata /home/kcw2/data/example_run/path2/synteny_search_outputs/results_65_67/genomes/GCF_009648875.1 /home/kcw2/data/example_run/path2/synteny_search_outputs/results_65_67
16	:	1770837989.287	     4.956	0	0	0	0	write_metadata /home/kcw2/data/example_run/path2/synteny_search_outputs/results_65_67/genomes/GCA_053157655.2 /home/kcw2/data/example_run/path2/synteny_search_outputs/results_65_67
5	:	1770837989.231	     5.068	0	0	0	0	write_metadata /home/kcw2/data/example_run/path2/synteny_search_outputs/results_65_67/genomes/GCA_016924585.2 /home/kcw2/data/example_run/path2/synteny_search_outputs/results_65_67
15	:	1770837989.282	     5.049	0	0	0	0	write_metadata /home/kcw2/data/example_run/path2/synteny_search_outputs/results_65_67/genomes/GCA_021644285.3 /home/kcw2/data/example_run/path2/synteny_search_outputs/results_65_67
39	:	1770837989.429	     4.907	0	0	0	0	write_metadata /home/kcw2/data/example_run/path2/synteny_search_outputs/results_65_67/genomes/GCF_049912795.1 /home/kcw2/data/example_run/path2/synteny_search_outputs/results_65_67
31	:	1770837989.374	     4.984	0	0	0	0	write_metadata /home/kcw2/data/example_run/path2/synteny_search_outputs/results_65_67/genomes/GCF_049177105.1 /home/kcw2/data/example_run/path2/synteny_search_outputs/results_65_67
26	:	1770837989.346	     5.111	0	0	0	0	write_metadata /home/kcw2/data/example_run/path2/synteny_search_outputs/results_65_67/genomes/GCF_029962185.1 /home/kcw2/data/example_run/path2/synteny_search_outputs/results_65_67
40	:	1770837989.434	     5.042	0	0	0	0	write_metadata /home/kcw2/data/example_run/path2/synteny_search_outputs/results_65_67/genomes/GCF_044759015.1 /home/kcw2/data/example_run/path2/synteny_search_outputs/results_65_67
20	:	1770837989.309	     5.180	0	0	0	0	write_metadata /home/kcw2/data/example_run/path2/synteny_search_outputs/results_65_67/genomes/GCF_019364615.1 /home/kcw2/data/example_run/path2/synteny_search_outputs/results_65_67
43	:	1770837989.454	     5.224	0	0	0	0	write_metadata /home/kcw2/data/example_run/path2/synteny_search_outputs/results_65_67/genomes/GCF_027570455.1 /home/kcw2/data/example_run/path2/synteny_search_outputs/results_65_67
34	:	1770837989.392	     5.391	0	0	0	0	write_metadata /home/kcw2/data/example_run/path2/synteny_search_outputs/results_65_67/genomes/GCF_023520735.1 /home/kcw2/data/example_run/path2/synteny_search_outputs/results_65_67
